exit_code=1
Unable to find image 'ghcr.io/astral-sh/uv:0.12.20-python3.14-trixie-slim' locally
0.12.20-python3.14-trixie-slim: Pulling from astral-sh/uv
6b37362b3da7: Pulling fs layer
5c21337b2448: Pulling fs layer
8def98961a31: Pulling fs layer
ad232412d02e: Pulling fs layer
44b21d030312: Pulling fs layer
ad232412d02e: Waiting
44b21d030312: Waiting
8def98961a31: Verifying Checksum
8def98961a31: Download complete
5c21337b2448: Verifying Checksum
5c21337b2448: Download complete
6b37362b3da7: Verifying Checksum
6b37362b3da7: Download complete
ad232412d02e: Verifying Checksum
ad232412d02e: Download complete
44b21d030312: Verifying Checksum
6b37362b3da7: Pull complete
5c21337b2448: Pull complete
8def98961a31: Pull complete
ad232412d02e: Pull complete
44b21d030312: Pull complete
Digest: sha256:6ee77524d145f48dcdede4d64411334bb426a0ad9835009215a69ff17e4d0e7e
Status: Downloaded newer image for ghcr.io/astral-sh/uv:0.12.20-python3.14-trixie-slim
Using CPython 3.14.7 interpreter at: /usr/local/bin/python3.14
Creating virtual environment at: /tmp/agentforge-d3-canonical-venv
Resolved 52 packages in 1ms
   Building agentforge @ file:///workspace
      Built agentforge @ file:///workspace
Downloading pydantic-core (2.0MiB)
Downloading mypy (14.0MiB)
Downloading pygments (1.2MiB)
Downloading ruff (9.9MiB)
Downloading psycopg-binary (5.0MiB)
Downloading sqlalchemy (3.2MiB)
Downloading uvloop (4.2MiB)
 Downloaded pygments
 Downloaded pydantic-core
 Downloaded sqlalchemy
 Downloaded psycopg-binary
 Downloaded uvloop
 Downloaded ruff
 Downloaded mypy
Prepared 49 packages in 370ms
Installed 49 packages in 46ms
 + agentforge==0.1.0 (from file:///workspace)
 + alembic==1.20.0
 + annotated-doc==0.0.5
 + annotated-types==0.8.0
 + anyio==4.15.1
 + certifi==2026.7.22
 + charset-normalizer==3.5.2
 + click==8.5.0
 + docker==7.2.0
 + fastapi==0.142.2
 + greenlet==3.5.6
 + h11==0.16.0
 + httpcore==1.0.9
 + httptools==0.8.0
 + httpx==0.28.1
 + idna==3.20
 + iniconfig==2.3.0
 + librt==0.16.0
 + mako==1.4.3
 + markupsafe==3.0.4
 + mypy==1.20.2
 + mypy-extensions==1.1.0
 + opentelemetry-api==1.45.0
 + packaging==26.3
 + pathspec==1.1.1
 + pluggy==1.6.0
 + psycopg==3.3.6
 + psycopg-binary==3.3.6
 + pydantic==2.13.5
 + pydantic-core==2.46.5
 + pydantic-settings==2.15.0
 + pygments==2.21.0
 + pytest==9.1.1
 + pytest-asyncio==1.4.0
 + python-dotenv==1.2.4
 + pyyaml==6.0.3
 + requests==2.34.2
 + ruff==0.16.10
 + sqlalchemy==2.0.54
 + starlette==1.7.0
 + testcontainers==4.15.0
 + typing-extensions==4.16.0
 + typing-inspection==0.4.4
 + urllib3==2.8.0
 + uvicorn==0.54.0
 + uvloop==0.23.0
 + watchfiles==1.3.0
 + websockets==17.2
 + wrapt==2.5.0
E501 Line too long (101 > 100)
    --> tests/integration/test_postgres_runtime.py:3198:101
     |
3196 |     side_version_id = uuid4()
3197 |     async with sessions() as session, session.begin():
3198 |         session.add(ToolDefinitionRow(id=side_tool_id, name="reconcile_commit", description="write"))
     |                                                                                                     ^
3199 |         await session.flush()
3200 |         session.add(
     |

E501 Line too long (101 > 100)
    --> tests/integration/test_postgres_runtime.py:3337:101
     |
3335 |     side_version_id = uuid4()
3336 |     async with sessions() as session, session.begin():
3337 |         session.add(ToolDefinitionRow(id=side_tool_id, name="reconcile_budget", description="write"))
     |                                                                                                     ^
3338 |         await session.flush()
3339 |         session.add(
     |

E501 Line too long (103 > 100)
    --> tests/integration/test_postgres_runtime.py:3475:101
     |
3474 | @pytest.mark.asyncio
3475 | async def test_orphaned_reconciliation_attempt_closes_failed_without_changing_business_truth() -> None:
     |                                                                                                     ^^^
3476 |     from datetime import UTC, datetime, timedelta
     |

E501 Line too long (101 > 100)
    --> tests/integration/test_postgres_runtime.py:3489:101
     |
3487 |     side_version_id = uuid4()
3488 |     async with sessions() as session, session.begin():
3489 |         session.add(ToolDefinitionRow(id=side_tool_id, name="orphan_reconcile", description="write"))
     |                                                                                                     ^
3490 |         await session.flush()
3491 |         session.add(
     |

E501 Line too long (106 > 100)
    --> tests/unit/test_run_manager.py:1782:101
     |
1780 |     assert run.queue_reason is QueueReason.RETRY
1781 |     assert len(journal.reconciliation_attempts) == 1
1782 |     assert journal.reconciliation_attempts[0].business_result is ReconciliationBusinessResult.NOT_EXECUTED
     |                                                                                                     ^^^^^^

Found 5 errors.
